/Users/muhammed/Desktop/Ailemy/Exams/8 - International GCSE (9-1)/Biology /2 - Jan /2022/4BI1_1BR_pef_20220303.pdf	->	/Users/muhammed/Desktop/Ailemy/Exams/8 - International GCSE (9-1)/Biology /2 - Jan /2022/4BI1_1BR_0122_ER.pdf
/Users/muhammed/Desktop/Ailemy/Exams/8 - International GCSE (9-1)/Biology /2 - Jan /2022/4BI1_1BR_que_20220111.pdf	->	/Users/muhammed/Desktop/Ailemy/Exams/8 - International GCSE (9-1)/Biology /2 - Jan /2022/4BI1_1BR_0122_QU.pdf
/Users/muhammed/Desktop/Ailemy/Exams/8 - International GCSE (9-1)/Biology /2 - Jan /2022/4BI1_1BR_rms_20220303.pdf	->	/Users/muhammed/Desktop/Ailemy/Exams/8 - International GCSE (9-1)/Biology /2 - Jan /2022/4BI1_1BR_0122_MS.pdf
/Users/muhammed/Desktop/Ailemy/Exams/8 - International GCSE (9-1)/Biology /2 - Jan /2022/4BI1_1B_pef_20220303.pdf	->	/Users/muhammed/Desktop/Ailemy/Exams/8 - International GCSE (9-1)/Biology /2 - Jan /2022/4BI1_1B_0122_ER.pdf
/Users/muhammed/Desktop/Ailemy/Exams/8 - International GCSE (9-1)/Biology /2 - Jan /2022/4BI1_1B_que_20220111.pdf	->	/Users/muhammed/Desktop/Ailemy/Exams/8 - International GCSE (9-1)/Biology /2 - Jan /2022/4BI1_1B_0122_QU.pdf
/Users/muhammed/Desktop/Ailemy/Exams/8 - International GCSE (9-1)/Biology /2 - Jan /2022/4BI1_1B_rms_20220303.pdf	->	/Users/muhammed/Desktop/Ailemy/Exams/8 - International GCSE (9-1)/Biology /2 - Jan /2022/4BI1_1B_0122_MS.pdf
/Users/muhammed/Desktop/Ailemy/Exams/8 - International GCSE (9-1)/Biology /2 - Jan /2022/4BI1_2BR_pef_20220303.pdf	->	/Users/muhammed/Desktop/Ailemy/Exams/8 - International GCSE (9-1)/Biology /2 - Jan /2022/4BI1_2BR_0122_ER.pdf
/Users/muhammed/Desktop/Ailemy/Exams/8 - International GCSE (9-1)/Biology /2 - Jan /2022/4BI1_2BR_que_20220115.pdf	->	/Users/muhammed/Desktop/Ailemy/Exams/8 - International GCSE (9-1)/Biology /2 - Jan /2022/4BI1_2BR_0122_QU.pdf
/Users/muhammed/Desktop/Ailemy/Exams/8 - International GCSE (9-1)/Biology /2 - Jan /2022/4BI1_2BR_rms_20220303.pdf	->	/Users/muhammed/Desktop/Ailemy/Exams/8 - International GCSE (9-1)/Biology /2 - Jan /2022/4BI1_2BR_0122_MS.pdf
/Users/muhammed/Desktop/Ailemy/Exams/8 - International GCSE (9-1)/Biology /2 - Jan /2022/4BI1_2B_pef_20220303.pdf	->	/Users/muhammed/Desktop/Ailemy/Exams/8 - International GCSE (9-1)/Biology /2 - Jan /2022/4BI1_2B_0122_ER.pdf
/Users/muhammed/Desktop/Ailemy/Exams/8 - International GCSE (9-1)/Biology /2 - Jan /2022/4BI1_2B_que_20220115.pdf	->	/Users/muhammed/Desktop/Ailemy/Exams/8 - International GCSE (9-1)/Biology /2 - Jan /2022/4BI1_2B_0122_QU.pdf
/Users/muhammed/Desktop/Ailemy/Exams/8 - International GCSE (9-1)/Biology /2 - Jan /2022/4BI1_2B_rms_20220303.pdf	->	/Users/muhammed/Desktop/Ailemy/Exams/8 - International GCSE (9-1)/Biology /2 - Jan /2022/4BI1_2B_0122_MS.pdf
/Users/muhammed/Desktop/Ailemy/Exams/8 - International GCSE (9-1)/Biology /3 - June /2025/4ss0-1b-pef-20250821.pdf	->	/Users/muhammed/Desktop/Ailemy/Exams/8 - International GCSE (9-1)/Biology /3 - June /2025/4SS0_1B_0625_ER.pdf
/Users/muhammed/Desktop/Ailemy/Exams/8 - International GCSE (9-1)/Biology /3 - June /2025/4ss0-1b-que-20250610.pdf	->	/Users/muhammed/Desktop/Ailemy/Exams/8 - International GCSE (9-1)/Biology /3 - June /2025/4SS0_1B_0625_QU.pdf
/Users/muhammed/Desktop/Ailemy/Exams/8 - International GCSE (9-1)/Biology /3 - June /2025/4ss0-1b-rms-20250821.pdf	->	/Users/muhammed/Desktop/Ailemy/Exams/8 - International GCSE (9-1)/Biology /3 - June /2025/4SS0_1B_0625_MS.pdf
/Users/muhammed/Desktop/Ailemy/Exams/8 - International GCSE (9-1)/Chemistry /3 - June /2025/4ss0-1c-pef-20250821.pdf	->	/Users/muhammed/Desktop/Ailemy/Exams/8 - International GCSE (9-1)/Chemistry /3 - June /2025/4SS0_1C_0625_ER.pdf
/Users/muhammed/Desktop/Ailemy/Exams/8 - International GCSE (9-1)/Chemistry /3 - June /2025/4ss0-1c-que-20250614.pdf	->	/Users/muhammed/Desktop/Ailemy/Exams/8 - International GCSE (9-1)/Chemistry /3 - June /2025/4SS0_1C_0625_QU.pdf
/Users/muhammed/Desktop/Ailemy/Exams/8 - International GCSE (9-1)/Chemistry /3 - June /2025/4ss0-1c-rms-20250821.pdf	->	/Users/muhammed/Desktop/Ailemy/Exams/8 - International GCSE (9-1)/Chemistry /3 - June /2025/4SS0_1C_0625_MS.pdf
/Users/muhammed/Desktop/Ailemy/Exams/8 - International GCSE (9-1)/Physics/3 - June/2025/4ss0-1p-pef-20250821.pdf	->	/Users/muhammed/Desktop/Ailemy/Exams/8 - International GCSE (9-1)/Physics/3 - June/2025/4SS0_1P_0625_ER.pdf
/Users/muhammed/Desktop/Ailemy/Exams/8 - International GCSE (9-1)/Physics/3 - June/2025/4ss0-1p-que-20250617.pdf	->	/Users/muhammed/Desktop/Ailemy/Exams/8 - International GCSE (9-1)/Physics/3 - June/2025/4SS0_1P_0625_QU.pdf
/Users/muhammed/Desktop/Ailemy/Exams/8 - International GCSE (9-1)/Physics/3 - June/2025/4ss0-1p-rms-20250821.pdf	->	/Users/muhammed/Desktop/Ailemy/Exams/8 - International GCSE (9-1)/Physics/3 - June/2025/4SS0_1P_0625_MS.pdf
